#!/bin/bash
#===============================================================================
# User
#===============================================================================
# http://delicious.com/jonhnnyweslley/mypreferences
# http://www.my-guides.net/en/guides/linux/193-ubuntu-lucid-lynx-1004-post-installation-guide
#===============================================================================

add-apt-repository ppa:ubuntu-on-rails
add-apt-repository ppa:jd-team/jdownloader

apt-get update

# internet
apt-get install desktop-webmail xchat jdownloader curl

# media
apt-get install flashplugin-installer moonlight-plugin-mozilla
apt-get install vlc soundconverter gstreamer0.10-ffmpeg gstreamer0.10-fluendo-mp3 gstreamer0.10-plugins-ugly gstreamer0.10-plugins-ugly-multiverse gstreamer0.10-plugins-bad

# dvd playback
apt-get install libdvdread4
/usr/share/doc/libdvdread4/install-css.sh

# webcam
apt-get install camorama

# desktop
apt-get install comix tomboy gnome-do stellarium lyx abntex graphviz

# games
apt-get install fretsonfire

# learning
apt-get install gbrainy gnaural mnemosyne anki 

# statistics
apt-get install r-recommended revolution-r r-cran-gplots r-cran-car r-cran-vcd r-cran-colorspace r-cran-latticeextra r-cran-getopt littler

# compression
apt-get install unace rar unrar zip unzip p7zip-full p7zip-rar sharutils aish uudeview mpack lha arj cabextract file-roller zoo lzop

#===============================================================================
# Development
#===============================================================================

# database
apt-get install sqlite3 sqlitebrowser

# diff tool
apt-get install meld gedit-plugins

# java
apt-get install openjdk-6-jdk openjdk-6-source icedtea6-plugin

# ruby
apt-get install ruby ruby-dev rubygems irb rdoc rake rake-completion libopenssl-ruby libsqlite3-ruby

# git
apt-get install git-core git-doc git-svn gitk gitstats

# shell
apt-get install ack-grep xclip terminator htop pv tree python-pygments openssh-server

# vim
apt-get install vim vim-gnome vim-doc vim-scripts ctags ncurses-term

# project management
apt-get install dia

# git-sh: A customized bash environment suitable for git work.
# URL: http://github.com/rtomayko/git-sh

# git-extras: GIT utilities -- repo summary, commit counting, repl, changelog population and more
# http://github.com/visionmedia/git-extras

# tagfs: Fuse tag file system edit
# URL: http://github.com/marook/tagfs

# install adiumxtra support
gconftool-2 -t string -s /desktop/gnome/url-handlers/adiumxtra/command "/usr/local/bin/adiumxtra-install %s"
gconftool-2 -t bool -s /desktop/gnome/url-handlers/adiumxtra/enabled true
gconftool-2 -t bool -s /desktop/gnome/url-handlers/adiumxtra/needs_terminal false
